<html>
<body>
<pre>
<h1>礦ision Build Log</h1>
<h2>Project:</h2>
F:\stm32\程序\3.起航实验例程-Example\启航号实验例程www.openmcu.com1.9\【06】启航号_USART_interrupt(2012.2.24)\test.uvproj
Project File Date:  02/27/2012

<h2>Output:</h2>
Build target 'Target 1'
compiling core_cm3.c...
compiling system_stm32f10x.c...
assembling startup_stm32f10x_hd.s...
compiling main.c...
compiling usart.c...
Source\User\Usart\usart.c(127): warning:  #111-D: statement is unreachable
compiling stm32f10x_it.c...
compiling misc.c...
compiling stm32f10x_flash.c...
compiling stm32f10x_gpio.c...
compiling stm32f10x_rcc.c...
compiling stm32f10x_usart.c...
compiling Readme.c...
linking...
Program Size: Code=4696 RO-data=812 RW-data=28 ZI-data=1028  
FromELF: creating hex file...
".\OBJ\test.axf" - 0 Error(s), 1 Warning(s).
Clean started: Project: 'test'
   deleting intermediate output files for target 'Target 1'
